// Jest Snapshot v1, https://goo.gl/fbAQLP

exports[`Sample Componenet Test Suit: Renders Correctly and Create Snapshot 1`] = `
<View>
  <TextInput
    style={
      {
        "alignSelf": "center",
        "borderWidth": 0.5,
        "fontSize": 18,
        "height": 40,
        "marginTop": 8,
        "padding": 4,
        "width": "80%",
      }
    }
    value="Test"
  />
</View>
`;
